<area shape="rect" id="node3" href="$items_8h.html#aac564a623aaea767ddbfd0dd07ced15" title="do_item_link" alt="" coords="155,58,259,89">
<area shape="rect" id="node5" href="$items_8h.html#cd5e21c19f9875e0d6a74943f90b6cc8" title="update LRU time to current and reposition" alt="" coords="308,6,433,37">
<area shape="rect" id="node13" href="$memcached_8h.html#c2e150055051a36e29e8215f5bc35fca" title="do_store_item" alt="" coords="636,58,748,89">
<area shape="rect" id="node18" href="$thread_8c.html#7fc0055d9dba8a3a14d2189e95acf844" title="item_link" alt="" coords="331,110,411,141">
<area shape="rect" id="node7" href="$thread_8c.html#32cd7e1744d2214e26f0ac267403314e" title="item_replace" alt="" coords="483,6,587,37">
<area shape="rect" id="node9" href="$memcached_8h.html#38299cba09286a1060f3f8abfec408cc" title="do_add_delta" alt="" coords="639,5,745,35">
<area shape="rect" id="node11" href="$thread_8c.html#439d6a005b0cc1a47f8ca3ceb3b85a35" title="add_delta" alt="" coords="801,5,884,35">
<area shape="rect" id="node15" href="$thread_8c.html#c97ce2cadaeb4fe6524c0df01828c232" title="store_item" alt="" coords="799,58,887,89">
