<area shape="rect" id="node3" href="$memcached_8h.html" title="The main memcached header holding commonly used data structures and function prototypes..." alt="" coords="480,86,589,117">
<area shape="rect" id="node27" href="$cache_8c.html" title="cache.c" alt="" coords="613,86,683,117">
<area shape="rect" id="node5" href="$assoc_8c.html" title="assoc.c" alt="" coords="5,166,72,197">
<area shape="rect" id="node7" href="$daemon_8c.html" title="daemon.c" alt="" coords="96,166,179,197">
<area shape="rect" id="node9" href="$globals_8c.html" title="globals.c" alt="" coords="203,166,280,197">
<area shape="rect" id="node11" href="$hash_8c.html" title="hash.c" alt="" coords="304,166,365,197">
<area shape="rect" id="node13" href="$items_8c.html" title="items.c" alt="" coords="389,166,456,197">
<area shape="rect" id="node15" href="$memcached_8c.html" title="memcached.c" alt="" coords="480,166,589,197">
<area shape="rect" id="node17" href="$sizes_8c.html" title="sizes.c" alt="" coords="613,166,677,197">
<area shape="rect" id="node19" href="$slabs_8c.html" title="slabs.c" alt="" coords="701,166,765,197">
<area shape="rect" id="node21" href="$stats_8c.html" title="stats.c" alt="" coords="789,166,851,197">
<area shape="rect" id="node23" href="$thread_8c.html" title="thread.c" alt="" coords="875,166,949,197">
<area shape="rect" id="node25" href="$util_8c.html" title="util.c" alt="" coords="973,166,1027,197">
