<area shape="rect" id="node3" href="$assoc_8h.html#4972dca83569e1f192b193facb64a02f" title="assoc_find" alt="" coords="108,161,196,191">
<area shape="rect" id="node5" href="$assoc_8h.html#110a5dc654c262b51a77cc8716676223" title="assoc_insert" alt="" coords="276,107,377,138">
<area shape="rect" id="node24" href="$items_8h.html#cee9fa57d05e04e8965f3e19dc0a472c" title="wrapper around assoc_find which does the lazy expiration logic" alt="" coords="276,161,377,191">
<area shape="rect" id="node29" href="$items_8h.html#8c5a6c6bfdfe2ed3514170cc836be7a9" title="returns an item whether or not it&#39;s expired." alt="" coords="247,214,407,245">
<area shape="rect" id="node7" href="$items_8h.html#aac564a623aaea767ddbfd0dd07ced15" title="do_item_link" alt="" coords="456,82,560,113">
<area shape="rect" id="node9" href="$items_8h.html#cd5e21c19f9875e0d6a74943f90b6cc8" title="update LRU time to current and reposition" alt="" coords="609,5,735,35">
<area shape="rect" id="node17" href="$memcached_8h.html#c2e150055051a36e29e8215f5bc35fca" title="do_store_item" alt="" coords="937,58,1049,89">
<area shape="rect" id="node22" href="$thread_8c.html#7fc0055d9dba8a3a14d2189e95acf844" title="item_link" alt="" coords="632,109,712,139">
<area shape="rect" id="node11" href="$thread_8c.html#32cd7e1744d2214e26f0ac267403314e" title="item_replace" alt="" coords="784,5,888,35">
<area shape="rect" id="node13" href="$memcached_8h.html#38299cba09286a1060f3f8abfec408cc" title="do_add_delta" alt="" coords="940,5,1047,35">
<area shape="rect" id="node15" href="$thread_8c.html#439d6a005b0cc1a47f8ca3ceb3b85a35" title="add_delta" alt="" coords="1103,5,1185,35">
<area shape="rect" id="node19" href="$thread_8c.html#c97ce2cadaeb4fe6524c0df01828c232" title="store_item" alt="" coords="1100,58,1188,89">
<area shape="rect" id="node27" href="$thread_8c.html#1ff584f7053e4a5c8f2cffc7186a12aa" title="item_get" alt="" coords="469,213,547,243">
