<area shape="rect" id="node3" href="$items_8h.html#81d7ffedc021b4a576d5712b7cea34a7" title="do_item_remove" alt="" coords="528,5,656,35">
<area shape="rect" id="node15" href="$items_8h.html#8068353af89272b21fbf0bd88d34118b" title="may fail if transgresses limits" alt="" coords="136,137,256,167">
<area shape="rect" id="node5" href="$memcached_8h.html#38299cba09286a1060f3f8abfec408cc" title="do_add_delta" alt="" coords="716,215,823,246">
<area shape="rect" id="node9" href="$memcached_8h.html#c2e150055051a36e29e8215f5bc35fca" title="do_store_item" alt="" coords="713,137,825,167">
<area shape="rect" id="node13" href="$thread_8c.html#5674d2ce2742470b8012fa4184f1fc3b" title="item_remove" alt="" coords="717,5,821,35">
<area shape="rect" id="node7" href="$thread_8c.html#439d6a005b0cc1a47f8ca3ceb3b85a35" title="add_delta" alt="" coords="879,215,961,246">
<area shape="rect" id="node11" href="$thread_8c.html#c97ce2cadaeb4fe6524c0df01828c232" title="store_item" alt="" coords="876,137,964,167">
<area shape="rect" id="node17" href="$items_8h.html#5b94ba56566ec70ae2a1906e1b6b14ae" title="do_item_alloc" alt="" coords="537,269,647,299">
<area shape="rect" id="node23" href="$items_8h.html#515ef8e7f0cef67772989fd076f7dcb4" title="do_item_flush_expired" alt="" coords="304,110,472,141">
<area shape="rect" id="node27" href="$items_8h.html#cee9fa57d05e04e8965f3e19dc0a472c" title="wrapper around assoc_find which does the lazy expiration logic" alt="" coords="337,57,439,87">
<area shape="rect" id="node32" href="$items_8h.html#cd5e21c19f9875e0d6a74943f90b6cc8" title="update LRU time to current and reposition" alt="" coords="325,217,451,247">
<area shape="rect" id="node38" href="$thread_8c.html#256717f932dae6220d67fa02af2266bc" title="item_unlink" alt="" coords="340,163,436,194">
<area shape="rect" id="node21" href="$thread_8c.html#d69cc14d059b72c07e1f0b550b1922c6" title="item_alloc" alt="" coords="727,269,812,299">
<area shape="rect" id="node25" href="$thread_8c.html#84097b43e7999f753c11603eff36dadc" title="item_flush_expired" alt="" coords="520,162,664,193">
<area shape="rect" id="node30" href="$thread_8c.html#1ff584f7053e4a5c8f2cffc7186a12aa" title="item_get" alt="" coords="553,58,631,89">
<area shape="rect" id="node34" href="$thread_8c.html#32cd7e1744d2214e26f0ac267403314e" title="item_replace" alt="" coords="540,215,644,246">
